[55792:55260:0608/154301.465:WARNING:chrome_main_delegate.cc(745)] This is Chrome version 128.0.6613.138 (not a warning)
[55792:55260:0608/154302.345:ERROR:os_crypt_win.cc(100)] Failed to decrypt: Key not valid for use in specified state. (0x8009000B)
[55792:55260:0608/154303.569:WARNING:account_consistency_mode_manager.cc(77)] Desktop Identity Consistency cannot be enabled as no OAuth client ID and client secret have been configured.
[55792:39176:0608/154324.384:WARNING:leveldb_database.cc(141)] Unable to open E:\GitHub\ComfyJam\ComfyJamSummer\Saved\webcache_6613\Default\shared_proto_db\metadata: IO error: E:\GitHub\ComfyJam\ComfyJamSummer\Saved\webcache_6613\Default\shared_proto_db\metadata/MANIFEST-000001: Unable to create sequential file (ChromeMethodBFE: 7::NewSequentialFile::1)
[55792:39176:0608/154324.400:WARNING:leveldb_database.cc(141)] Unable to open E:\GitHub\ComfyJam\ComfyJamSummer\Saved\webcache_6613\Default\shared_proto_db\metadata: IO error: E:\GitHub\ComfyJam\ComfyJamSummer\Saved\webcache_6613\Default\shared_proto_db\metadata/MANIFEST-000001: Unable to create sequential file (ChromeMethodBFE: 7::NewSequentialFile::1)
[55792:39176:0608/154324.403:WARNING:leveldb_database.cc(141)] Unable to open E:\GitHub\ComfyJam\ComfyJamSummer\Saved\webcache_6613\Default\shared_proto_db\metadata: IO error: E:\GitHub\ComfyJam\ComfyJamSummer\Saved\webcache_6613\Default\shared_proto_db\metadata/MANIFEST-000001: Unable to create sequential file (ChromeMethodBFE: 7::NewSequentialFile::1)
[55792:39176:0608/154324.406:WARNING:leveldb_database.cc(141)] Unable to open E:\GitHub\ComfyJam\ComfyJamSummer\Saved\webcache_6613\Default\shared_proto_db\metadata: IO error: E:\GitHub\ComfyJam\ComfyJamSummer\Saved\webcache_6613\Default\shared_proto_db\metadata/MANIFEST-000001: Unable to create sequential file (ChromeMethodBFE: 7::NewSequentialFile::1)
[61628:46652:0608/154335.108:WARNING:frame_impl.cc(430)] virtual CefFrameImpl::SendProcessMessage sent to detached frame 5-0240290CBCC465239146AA0E676F20F7 will be ignored
[61816:53172:0608/154336.070:ERROR:ssl_client_socket_impl.cc(882)] handshake failed; returned -1, SSL error code 1, net_error -100
[55792:28836:0608/154336.400:WARNING:value_store_frontend.cc(47)] Reading ahfgeienlihckogmohjhadlkjgocpleb.alarms from  failed: IO error: .../MANIFEST-000001: Unable to create sequential file (ChromeMethodBFE: 7::NewSequentialFile::1)
[55792:28836:0608/154336.411:WARNING:value_store_frontend.cc(47)] Reading mhjfbmdgcfjbbpaeojofohoefgiehjai.alarms from  failed: IO error: .../MANIFEST-000001: Unable to create sequential file (ChromeMethodBFE: 7::NewSequentialFile::1)
[55792:55260:0608/154337.394:ERROR:device_event_log_impl.cc(196)] [15:43:36.415] USB: usb_service_win.cc:105 SetupDiGetDeviceProperty({{A45C254E-DF1C-4EFD-8020-67D146A850E0}, 6}) failed: Element not found. (0x490)
[61816:53172:0608/154348.760:ERROR:ssl_client_socket_impl.cc(882)] handshake failed; returned -1, SSL error code 1, net_error -107
[61816:53172:0608/154358.403:ERROR:ssl_client_socket_impl.cc(882)] handshake failed; returned -1, SSL error code 1, net_error -100
[57384:56304:0608/154533.912:WARNING:chrome_main_delegate.cc(745)] This is Chrome version 128.0.6613.138 (not a warning)
[57384:56304:0608/154534.139:WARNING:account_consistency_mode_manager.cc(77)] Desktop Identity Consistency cannot be enabled as no OAuth client ID and client secret have been configured.
[57384:56304:0608/154544.281:ERROR:device_event_log_impl.cc(196)] [15:45:43.636] USB: usb_service_win.cc:105 SetupDiGetDeviceProperty({{A45C254E-DF1C-4EFD-8020-67D146A850E0}, 6}) failed: Element not found. (0x490)
[61480:61764:0608/154544.345:WARNING:frame_impl.cc(430)] virtual CefFrameImpl::SendProcessMessage sent to detached frame 5-AEBF9AA0658616C6619A9C098548501A will be ignored
[44664:50088:0608/154546.640:ERROR:ssl_client_socket_impl.cc(882)] handshake failed; returned -1, SSL error code 1, net_error -107
[44664:50088:0608/154547.636:ERROR:ssl_client_socket_impl.cc(882)] handshake failed; returned -1, SSL error code 1, net_error -100
[44664:50088:0608/154602.399:ERROR:ssl_client_socket_impl.cc(882)] handshake failed; returned -1, SSL error code 1, net_error -107
[57384:56304:0608/154603.944:WARNING:pref_notifier_impl.cc(41)] Pref observer for media_router.cast_allow_all_ips found at shutdown.
[55792:55260:0608/161336.014:WARNING:pref_notifier_impl.cc(41)] Pref observer for media_router.cast_allow_all_ips found at shutdown.
