[15176:41816:0618/154826.364:WARNING:chrome_main_delegate.cc(745)] This is Chrome version 128.0.6613.138 (not a warning)
[15176:41816:0618/154826.571:ERROR:os_crypt_win.cc(100)] Failed to decrypt: Key not valid for use in specified state. (0x8009000B)
[15176:41816:0618/154826.696:WARNING:account_consistency_mode_manager.cc(77)] Desktop Identity Consistency cannot be enabled as no OAuth client ID and client secret have been configured.
[15176:89260:0618/154838.157:WARNING:leveldb_database.cc(141)] Unable to open E:\GitHub\ComfyJam\ComfyJamSummer\Saved\webcache_6613\Default\shared_proto_db\metadata: IO error: E:\GitHub\ComfyJam\ComfyJamSummer\Saved\webcache_6613\Default\shared_proto_db\metadata/MANIFEST-000001: Unable to create sequential file (ChromeMethodBFE: 7::NewSequentialFile::1)
[15176:89260:0618/154838.160:WARNING:leveldb_database.cc(141)] Unable to open E:\GitHub\ComfyJam\ComfyJamSummer\Saved\webcache_6613\Default\shared_proto_db\metadata: IO error: E:\GitHub\ComfyJam\ComfyJamSummer\Saved\webcache_6613\Default\shared_proto_db\metadata/MANIFEST-000001: Unable to create sequential file (ChromeMethodBFE: 7::NewSequentialFile::1)
[15176:82932:0618/154838.220:WARNING:leveldb_database.cc(141)] Unable to open E:\GitHub\ComfyJam\ComfyJamSummer\Saved\webcache_6613\Default\shared_proto_db\metadata: IO error: E:\GitHub\ComfyJam\ComfyJamSummer\Saved\webcache_6613\Default\shared_proto_db\metadata/MANIFEST-000001: Unable to create sequential file (ChromeMethodBFE: 7::NewSequentialFile::1)
[15176:82932:0618/154838.221:WARNING:leveldb_database.cc(141)] Unable to open E:\GitHub\ComfyJam\ComfyJamSummer\Saved\webcache_6613\Default\shared_proto_db\metadata: IO error: E:\GitHub\ComfyJam\ComfyJamSummer\Saved\webcache_6613\Default\shared_proto_db\metadata/MANIFEST-000001: Unable to create sequential file (ChromeMethodBFE: 7::NewSequentialFile::1)
[15176:89260:0618/154839.069:WARNING:value_store_frontend.cc(47)] Reading ahfgeienlihckogmohjhadlkjgocpleb.alarms from  failed: IO error: .../MANIFEST-000001: Unable to create sequential file (ChromeMethodBFE: 7::NewSequentialFile::1)
[15176:89260:0618/154839.074:WARNING:value_store_frontend.cc(47)] Reading mhjfbmdgcfjbbpaeojofohoefgiehjai.alarms from  failed: IO error: .../MANIFEST-000001: Unable to create sequential file (ChromeMethodBFE: 7::NewSequentialFile::1)
[15176:41816:0618/154839.112:ERROR:device_event_log_impl.cc(196)] [15:48:39.065] USB: usb_service_win.cc:105 SetupDiGetDeviceProperty({{A45C254E-DF1C-4EFD-8020-67D146A850E0}, 6}) failed: Element not found. (0x490)
[58548:91380:0618/154839.113:WARNING:backend_impl.cc(1543)] Messed up entry found.
[58548:91380:0618/154839.113:ERROR:backend_impl.cc(989)] Critical error found -8
[58548:91380:0618/154839.250:WARNING:storage_block-inl.h(138)] Failed data load.
[58548:91380:0618/154839.250:WARNING:storage_block-inl.h(138)] Failed data load.
[58548:91380:0618/154839.251:ERROR:entry_impl.cc(955)] Failed to save user data
[63492:91680:0618/154840.483:WARNING:frame_impl.cc(430)] virtual CefFrameImpl::SendProcessMessage sent to detached frame 5-1654ADFDFDF25A18EE55B9A3BC4F3E26 will be ignored
[58548:64088:0618/154842.223:ERROR:ssl_client_socket_impl.cc(882)] handshake failed; returned -1, SSL error code 1, net_error -107
[58548:64088:0618/154842.380:ERROR:ssl_client_socket_impl.cc(882)] handshake failed; returned -1, SSL error code 1, net_error -107
[58548:64088:0618/154853.526:ERROR:ssl_client_socket_impl.cc(882)] handshake failed; returned -1, SSL error code 1, net_error -107
[58548:64088:0618/154909.067:ERROR:ssl_client_socket_impl.cc(882)] handshake failed; returned -1, SSL error code 1, net_error -100
[15176:41816:0618/163427.918:WARNING:pref_notifier_impl.cc(41)] Pref observer for media_router.cast_allow_all_ips found at shutdown.
